==============================================================================
testCases                                                                     
==============================================================================
testCases.SurveyCommunicationRule :: Survey Communication Rule                
==============================================================================
Define Independent Rules in Survey Communication Rules                | PASS |
------------------------------------------------------------------------------
testCases.SurveyCommunicationRule :: Survey Communication Rule        | PASS |
1 test, 1 passed, 0 failed
==============================================================================
testCases                                                             | PASS |
1 test, 1 passed, 0 failed
==============================================================================
Output:  C:\Users\User\PycharmProjects\RobotFramework\tests\reports\pabot_results\5\output.xml
