==============================================================================
testCases                                                                     
==============================================================================
testCases.SurveyActivate :: Survey Activation, Preview On Survey Activation...
==============================================================================
Survey Preview                                                          
  Traceback (most recent call last):
    ~~~~~~~~~~~~~~~~~~~~~~~~~~~~~~~~~~~~~~~~~~~~~~~~~~~~~~~~~~~~~~~~~~~~~~~~~~
    File  C:\Users\User\PycharmProjects\RobotFramework\tests\testCases\SurveyActivate.robot:13
    T:  Survey Preview    
    ~~~~~~~~~~~~~~~~~~~~~~~~~~~~~~~~~~~~~~~~~~~~~~~~~~~~~~~~~~~~~~~~~~~~~~~~~~
    File  C:\Users\User\PycharmProjects\RobotFramework\tests\testCases\SurveyActivate.robot:18
      And click survey management    
    ~~~~~~~~~~~~~~~~~~~~~~~~~~~~~~~~~~~~~~~~~~~~~~~~~~~~~~~~~~~~~~~~~~~~~~~~~~
    File  C:\Users\User\PycharmProjects\RobotFramework\tests\resources\mainPage\keywords_mainPage.robot:11
      Wait Until Element Is Visible    ${survey_management_l}
      |  ${survey_management_l} = xpath://div[normalize-space()='Survey Management'] (str)
______________________________________________________________________________
| FAIL |
Element 'xpath://div[normalize-space()='Survey Management']' not visible after 20 seconds.
------------------------------------------------------------------------------
testCases.SurveyActivate :: Survey Activation, Preview On Survey A... | FAIL |
1 test, 0 passed, 1 failed
==============================================================================
testCases                                                             | FAIL |
1 test, 0 passed, 1 failed
==============================================================================
Output:  C:\Users\User\PycharmProjects\RobotFramework\tests\reports\pabot_results\2\output.xml
