==============================================================================
testCases                                                                     
==============================================================================
testCases.TopicModelList :: Survey Activation, Invitation , Preview On Surv...
==============================================================================
Topic Model List Existence Check                                      Interswitch Seedword Model EN v1.0
| PASS |
------------------------------------------------------------------------------
testCases.TopicModelList :: Survey Activation, Invitation , Previe... | PASS |
1 test, 1 passed, 0 failed
==============================================================================
testCases                                                             | PASS |
1 test, 1 passed, 0 failed
==============================================================================
Output:  C:\Users\User\PycharmProjects\RobotFramework\tests\reports\pabot_results\7\output.xml
