==============================================================================
testCases                                                                     
==============================================================================
testCases.SurveyGeneral :: Survey Activation, Invitation , Preview On Surve...
==============================================================================
Survey Edit Title , Execution Title , Language                        | PASS |
------------------------------------------------------------------------------
testCases.SurveyGeneral :: Survey Activation, Invitation , Preview... | PASS |
1 test, 1 passed, 0 failed
==============================================================================
testCases                                                             | PASS |
1 test, 1 passed, 0 failed
==============================================================================
Output:  C:\Users\User\PycharmProjects\RobotFramework\tests\reports\pabot_results\6\output.xml
