==============================================================================
testCases                                                                     
==============================================================================
testCases.AlertIconVisibility :: Alert List Check                             
==============================================================================
Alert List Check                                                      | PASS |
------------------------------------------------------------------------------
testCases.AlertIconVisibility :: Alert List Check                     | PASS |
1 test, 1 passed, 0 failed
==============================================================================
testCases                                                             | PASS |
1 test, 1 passed, 0 failed
==============================================================================
Output:  C:\Users\User\PycharmProjects\RobotFramework\tests\reports\pabot_results\0\output.xml
