==============================================================================
testCases                                                                     
==============================================================================
testCases.SurveyCommunicationRule :: Survey Communication Rule                
==============================================================================
Define Independent Rules in Survey Communication Rules                  
  Traceback (most recent call last):
    ~~~~~~~~~~~~~~~~~~~~~~~~~~~~~~~~~~~~~~~~~~~~~~~~~~~~~~~~~~~~~~~~~~~~~~~~~~
    File  C:\Users\User\PycharmProjects\RobotFramework\tests\testCases\SurveyCommunicationRule.robot:13
    T:  Define Independent Rules in Survey Communication Rules    
    ~~~~~~~~~~~~~~~~~~~~~~~~~~~~~~~~~~~~~~~~~~~~~~~~~~~~~~~~~~~~~~~~~~~~~~~~~~
    File  C:\Users\User\PycharmProjects\RobotFramework\tests\testCases\SurveyCommunicationRule.robot:26
      And click Save    
    ~~~~~~~~~~~~~~~~~~~~~~~~~~~~~~~~~~~~~~~~~~~~~~~~~~~~~~~~~~~~~~~~~~~~~~~~~~
    File  C:\Users\User\PycharmProjects\RobotFramework\tests\resources\surveyEditPage\keywords_surveyEditPage.robot:151
      Wait Until Element Is Visible    //div[@class='q-img__content absolute-full']
______________________________________________________________________________
| FAIL |
Element '//div[@class='q-img__content absolute-full']' not visible after 20 seconds.
------------------------------------------------------------------------------
testCases.SurveyCommunicationRule :: Survey Communication Rule        | FAIL |
1 test, 0 passed, 1 failed
==============================================================================
testCases                                                             | FAIL |
1 test, 0 passed, 1 failed
==============================================================================
Output:  C:\Users\User\PycharmProjects\RobotFramework\tests\reports\pabot_results\4\output.xml
